
> @repo/web@0.1.0 build
> next build

node.exe : ΓÜá Warning: Next.js inferred your workspace root, but it may not be correct.
At C:\Program Files\nodejs\npm.ps1:29 char:3
+   & $NODE_EXE $NPM_CLI_JS $args
+   ~~~~~~~~~~~~~~~~~~~~~~~~~~~~~
    + CategoryInfo          : NotSpecified: (ΓÜá Warning: Ne...not be correct.:String) [], RemoteException
    + FullyQualifiedErrorId : NativeCommandError
 
 We detected multiple lockfiles and selected the directory of C:\Users\HP\package-lock.json as the root directory.
 To silence this warning, set `turbopack.root` in your Next.js config, or consider removing one of the lockfiles if 
it's not needed.
   See https://nextjs.org/docs/app/api-reference/config/next-config-js/turbopack#root-directory for more information.
 Detected additional lockfiles: 
   * C:\Users\HP\OneDrive\Desktop\manufacturing-business-management-suite\apps\web\package-lock.json
   * C:\Users\HP\OneDrive\Desktop\manufacturing-business-management-suite\package-lock.json

Γû▓ Next.js 16.1.6 (Turbopack)
- Environments: .env.local
- Experiments (use with caution):
  ┬╖ optimizePackageImports

  Creating an optimized production build ...
Turbopack build encountered 2 warnings:
./OneDrive/Desktop/manufacturing-business-management-suite/apps/web/src/lib/invoice/browser-pool.ts:77:40
Module not found: Can't resolve '@sparticuz/chromium'
[0m [90m 75 |[39m
 [90m 76 |[39m             [36mtry[39m {
[31m[1m>[22m[39m[90m 77 |[39m                 [36mconst[39m chromium [33m=[39m [36mawait[39m 
[36mimport[39m([32m"@sparticuz/chromium"[39m [36mas[39m string)[33m;[39m
 [90m    |[39m                                        [31m[1m^[22m[39m[31m[1m^[22m[39m[31m[1m^[22m[39m[3
1m[1m^[22m[39m[31m[1m^[22m[39m[31m[1m^[22m[39m[31m[1m^[22m[39m[31m[1m^[22m[39m[31m[1m^[22m[39m[
31m[1m^[22m[39m[31m[1m^[22m[39m[31m[1m^[22m[39m[31m[1m^[22m[39m[31m[1m^[22m[39m[31m[1m^[22m[39m
[31m[1m^[22m[39m[31m[1m^[22m[39m[31m[1m^[22m[39m[31m[1m^[22m[39m[31m[1m^[22m[39m[31m[1m^[22m[39m
[31m[1m^[22m[39m[31m[1m^[22m[39m[31m[1m^[22m[39m[31m[1m^[22m[39m[31m[1m^[22m[39m[31m[1m^[22m[39
m[31m[1m^[22m[39m[31m[1m^[22m[39m[31m[1m^[22m[39m[31m[1m^[22m[39m[31m[1m^[22m[39m[31m[1m^[22m[3
9m[31m[1m^[22m[39m[31m[1m^[22m[39m[31m[1m^[22m[39m[31m[1m^[22m[39m[31m[1m^[22m[39m[31m[1m^[22m[
39m
 [90m 78 |[39m                 executablePath [33m=[39m [36mawait[39m 
chromium[33m.[39m[36mdefault[39m[33m.[39mexecutablePath()[33m;[39m
 [90m 79 |[39m                 chromiumArgs [33m=[39m 
chromium[33m.[39m[36mdefault[39m[33m.[39margs[33m;[39m
 [90m 80 |[39m                 console[33m.[39mlog([32m"[browser-pool] Using @sparticuz/chromium 
(serverless)"[39m)[33m;[39m[0m



Import trace:
  App Route:
    ./OneDrive/Desktop/manufacturing-business-management-suite/apps/web/src/lib/invoice/browser-pool.ts
    ./OneDrive/Desktop/manufacturing-business-management-suite/apps/web/src/app/api/invoice/generate-pdf/route.ts

https://nextjs.org/docs/messages/module-not-found


./OneDrive/Desktop/manufacturing-business-management-suite/apps/web/src/lib/invoice/browser-pool.ts:86:37
Module not found: Can't resolve 'puppeteer'
[0m [90m 84 |[39m             }
 [90m 85 |[39m
[31m[1m>[22m[39m[90m 86 |[39m             [36mconst[39m puppeteer [33m=[39m [36mawait[39m 
[36mimport[39m([32m"puppeteer"[39m)[33m;[39m
 [90m    |[39m                                     [31m[1m^[22m[39m[31m[1m^[22m[39m[31m[1m^[22m[39m[31m
[1m^[22m[39m[31m[1m^[22m[39m[31m[1m^[22m[39m[31m[1m^[22m[39m[31m[1m^[22m[39m[31m[1m^[22m[39m[31m
[1m^[22m[39m[31m[1m^[22m[39m[31m[1m^[22m[39m[31m[1m^[22m[39m[31m[1m^[22m[39m[31m[1m^[22m[39m[31
m[1m^[22m[39m[31m[1m^[22m[39m[31m[1m^[22m[39m[31m[1m^[22m[39m
 [90m 87 |[39m             [36mconst[39m launchOptions[33m:[39m any [33m=[39m {
 [90m 88 |[39m                 headless[33m:[39m [36mtrue[39m[33m,[39m
 [90m 89 |[39m                 args[33m:[39m chromiumArgs[33m,[39m[0m



Import trace:
  App Route:
    ./OneDrive/Desktop/manufacturing-business-management-suite/apps/web/src/lib/invoice/browser-pool.ts
    ./OneDrive/Desktop/manufacturing-business-management-suite/apps/web/src/app/api/invoice/generate-pdf/route.ts

https://nextjs.org/docs/messages/module-not-found


Γ£ô Compiled successfully in 38.6s
  Skipping validation of types
  Collecting page data using 7 workers ...
Error: ≡ƒÜ¿ FATAL: DEV_MODE must not be true in production!
Set DEV_MODE=false or remove it from your production environment variables.
The application will not start until this is fixed.
    at module evaluation (C:\Users\HP\OneDrive\Desktop\manufacturing-business-management-suite\apps\web\.next\server\ch
unks\[root-of-the-server]__8c3656df._.js:1:13045)
    at instantiateModule (C:\Users\HP\OneDrive\Desktop\manufacturing-business-management-suite\apps\web\.next\server\ch
unks\[turbopack]_runtime.js:740:9)
    at getOrInstantiateModuleFromParent (C:\Users\HP\OneDrive\Desktop\manufacturing-business-management-suite\apps\web\
.next\server\chunks\[turbopack]_runtime.js:763:12)
    at Context.esmImport [as i] (C:\Users\HP\OneDrive\Desktop\manufacturing-business-management-suite\apps\web\.next\se
rver\chunks\[turbopack]_runtime.js:228:20)
    at module evaluation (C:\Users\HP\OneDrive\Desktop\manufacturing-business-management-suite\apps\web\.next\server\ch
unks\[root-of-the-server]__8c3656df._.js:1:16645)
    at instantiateModule (C:\Users\HP\OneDrive\Desktop\manufacturing-business-management-suite\apps\web\.next\server\ch
unks\[turbopack]_runtime.js:740:9)
    at instantiateRuntimeModule (C:\Users\HP\OneDrive\Desktop\manufacturing-business-management-suite\apps\web\.next\se
rver\chunks\[turbopack]_runtime.js:768:12)
    at getOrInstantiateRuntimeModule (C:\Users\HP\OneDrive\Desktop\manufacturing-business-management-suite\apps\web\.ne
xt\server\chunks\[turbopack]_runtime.js:781:12)
    at Object.m (C:\Users\HP\OneDrive\Desktop\manufacturing-business-management-suite\apps\web\.next\server\chunks\[tur
bopack]_runtime.js:790:18)
    at Object.<anonymous> (C:\Users\HP\OneDrive\Desktop\manufacturing-business-management-suite\apps\web\.next\server\a
pp\api\features\route.js:8:3)

> Build error occurred
Error: Failed to collect page data for /api/features
    at ignore-listed frames {
  type: 'Error'
}
npm error Lifecycle script `build` failed with error:
npm error code 1
npm error path C:\Users\HP\OneDrive\Desktop\manufacturing-business-management-suite\apps\web
npm error workspace @repo/web@0.1.0
npm error location C:\Users\HP\OneDrive\Desktop\manufacturing-business-management-suite\apps\web
npm error command failed
npm error command C:\WINDOWS\system32\cmd.exe /d /s /c next build
