
> @repo/web@0.1.0 build
> next build

node.exe : ΓÜá Warning: Next.js inferred your workspace root, but it may not be correct.
At C:\Program Files\nodejs\npm.ps1:29 char:3
+   & $NODE_EXE $NPM_CLI_JS $args
+   ~~~~~~~~~~~~~~~~~~~~~~~~~~~~~
    + CategoryInfo          : NotSpecified: (ΓÜá Warning: Ne...not be correct.:String) [], RemoteException
    + FullyQualifiedErrorId : NativeCommandError
 
 We detected multiple lockfiles and selected the directory of C:\Users\HP\package-lock.json as the root directory.
 To silence this warning, set `turbopack.root` in your Next.js config, or consider removing one of the lockfiles if 
it's not needed.
   See https://nextjs.org/docs/app/api-reference/config/next-config-js/turbopack#root-directory for more information.
 Detected additional lockfiles: 
   * C:\Users\HP\OneDrive\Desktop\manufacturing-business-management-suite\apps\web\package-lock.json
   * C:\Users\HP\OneDrive\Desktop\manufacturing-business-management-suite\package-lock.json

Γû▓ Next.js 16.1.6 (Turbopack)
- Environments: .env.local
- Experiments (use with caution):
  ┬╖ optimizePackageImports

  Creating an optimized production build ...
Turbopack build encountered 2 warnings:
./OneDrive/Desktop/manufacturing-business-management-suite/apps/web/src/lib/invoice/browser-pool.ts:77:40
Module not found: Can't resolve '@sparticuz/chromium'
[0m [90m 75 |[39m
 [90m 76 |[39m             [36mtry[39m {
[31m[1m>[22m[39m[90m 77 |[39m                 [36mconst[39m chromium [33m=[39m [36mawait[39m 
[36mimport[39m([32m"@sparticuz/chromium"[39m [36mas[39m string)[33m;[39m
 [90m    |[39m                                        [31m[1m^[22m[39m[31m[1m^[22m[39m[31m[1m^[22m[39m[3
1m[1m^[22m[39m[31m[1m^[22m[39m[31m[1m^[22m[39m[31m[1m^[22m[39m[31m[1m^[22m[39m[31m[1m^[22m[39m[
31m[1m^[22m[39m[31m[1m^[22m[39m[31m[1m^[22m[39m[31m[1m^[22m[39m[31m[1m^[22m[39m[31m[1m^[22m[39m
[31m[1m^[22m[39m[31m[1m^[22m[39m[31m[1m^[22m[39m[31m[1m^[22m[39m[31m[1m^[22m[39m[31m[1m^[22m[39m
[31m[1m^[22m[39m[31m[1m^[22m[39m[31m[1m^[22m[39m[31m[1m^[22m[39m[31m[1m^[22m[39m[31m[1m^[22m[39
m[31m[1m^[22m[39m[31m[1m^[22m[39m[31m[1m^[22m[39m[31m[1m^[22m[39m[31m[1m^[22m[39m[31m[1m^[22m[3
9m[31m[1m^[22m[39m[31m[1m^[22m[39m[31m[1m^[22m[39m[31m[1m^[22m[39m[31m[1m^[22m[39m[31m[1m^[22m[
39m
 [90m 78 |[39m                 executablePath [33m=[39m [36mawait[39m 
chromium[33m.[39m[36mdefault[39m[33m.[39mexecutablePath()[33m;[39m
 [90m 79 |[39m                 chromiumArgs [33m=[39m 
chromium[33m.[39m[36mdefault[39m[33m.[39margs[33m;[39m
 [90m 80 |[39m                 console[33m.[39mlog([32m"[browser-pool] Using @sparticuz/chromium 
(serverless)"[39m)[33m;[39m[0m



Import trace:
  App Route:
    ./OneDrive/Desktop/manufacturing-business-management-suite/apps/web/src/lib/invoice/browser-pool.ts
    ./OneDrive/Desktop/manufacturing-business-management-suite/apps/web/src/app/api/invoice/generate-pdf/route.ts

https://nextjs.org/docs/messages/module-not-found


./OneDrive/Desktop/manufacturing-business-management-suite/apps/web/src/lib/invoice/browser-pool.ts:86:37
Module not found: Can't resolve 'puppeteer'
[0m [90m 84 |[39m             }
 [90m 85 |[39m
[31m[1m>[22m[39m[90m 86 |[39m             [36mconst[39m puppeteer [33m=[39m [36mawait[39m 
[36mimport[39m([32m"puppeteer"[39m)[33m;[39m
 [90m    |[39m                                     [31m[1m^[22m[39m[31m[1m^[22m[39m[31m[1m^[22m[39m[31m
[1m^[22m[39m[31m[1m^[22m[39m[31m[1m^[22m[39m[31m[1m^[22m[39m[31m[1m^[22m[39m[31m[1m^[22m[39m[31m
[1m^[22m[39m[31m[1m^[22m[39m[31m[1m^[22m[39m[31m[1m^[22m[39m[31m[1m^[22m[39m[31m[1m^[22m[39m[31
m[1m^[22m[39m[31m[1m^[22m[39m[31m[1m^[22m[39m[31m[1m^[22m[39m
 [90m 87 |[39m             [36mconst[39m launchOptions[33m:[39m any [33m=[39m {
 [90m 88 |[39m                 headless[33m:[39m [36mtrue[39m[33m,[39m
 [90m 89 |[39m                 args[33m:[39m chromiumArgs[33m,[39m[0m



Import trace:
  App Route:
    ./OneDrive/Desktop/manufacturing-business-management-suite/apps/web/src/lib/invoice/browser-pool.ts
    ./OneDrive/Desktop/manufacturing-business-management-suite/apps/web/src/app/api/invoice/generate-pdf/route.ts

https://nextjs.org/docs/messages/module-not-found


Γ£ô Compiled successfully in 50s
  Skipping validation of types
  Collecting page data using 7 workers ...
  Generating static pages using 7 workers (0/98) ...
ΓÜá Unsupported metadata themeColor is configured in metadata export in /dashboard/clients. Please move it to viewport 
export instead.
Read more: https://nextjs.org/docs/app/api-reference/functions/generate-viewport
ΓÜá Unsupported metadata viewport is configured in metadata export in /dashboard/clients. Please move it to viewport 
export instead.
Read more: https://nextjs.org/docs/app/api-reference/functions/generate-viewport
  Generating static pages using 7 workers (24/98) 
ΓÜá Unsupported metadata themeColor is configured in metadata export in /_not-found. Please move it to viewport export 
instead.
Read more: https://nextjs.org/docs/app/api-reference/functions/generate-viewport
ΓÜá Unsupported metadata viewport is configured in metadata export in /_not-found. Please move it to viewport export 
instead.
Read more: https://nextjs.org/docs/app/api-reference/functions/generate-viewport
  Generating static pages using 7 workers (48/98) 
ΓÜá Unsupported metadata themeColor is configured in metadata export in /admin/login. Please move it to viewport 
export instead.
Read more: https://nextjs.org/docs/app/api-reference/functions/generate-viewport
ΓÜá Unsupported metadata viewport is configured in metadata export in /admin/login. Please move it to viewport export 
instead.
Read more: https://nextjs.org/docs/app/api-reference/functions/generate-viewport
ΓÜá Unsupported metadata themeColor is configured in metadata export in /access-denied. Please move it to viewport 
export instead.
Read more: https://nextjs.org/docs/app/api-reference/functions/generate-viewport
ΓÜá Unsupported metadata viewport is configured in metadata export in /access-denied. Please move it to viewport 
export instead.
Read more: https://nextjs.org/docs/app/api-reference/functions/generate-viewport
ΓÜá Unsupported metadata themeColor is configured in metadata export in /dashboard/folio. Please move it to viewport 
export instead.
Read more: https://nextjs.org/docs/app/api-reference/functions/generate-viewport
ΓÜá Unsupported metadata viewport is configured in metadata export in /dashboard/folio. Please move it to viewport 
export instead.
Read more: https://nextjs.org/docs/app/api-reference/functions/generate-viewport
ΓÜá Unsupported metadata themeColor is configured in metadata export in /dashboard/analytics. Please move it to 
viewport export instead.
Read more: https://nextjs.org/docs/app/api-reference/functions/generate-viewport
ΓÜá Unsupported metadata viewport is configured in metadata export in /dashboard/analytics. Please move it to viewport 
export instead.
Read more: https://nextjs.org/docs/app/api-reference/functions/generate-viewport
ΓÜá Unsupported metadata themeColor is configured in metadata export in /dashboard/inventory. Please move it to 
viewport export instead.
Read more: https://nextjs.org/docs/app/api-reference/functions/generate-viewport
ΓÜá Unsupported metadata viewport is configured in metadata export in /dashboard/inventory. Please move it to viewport 
export instead.
Read more: https://nextjs.org/docs/app/api-reference/functions/generate-viewport
ΓÜá Unsupported metadata themeColor is configured in metadata export in /dashboard/notifications. Please move it to 
viewport export instead.
Read more: https://nextjs.org/docs/app/api-reference/functions/generate-viewport
ΓÜá Unsupported metadata viewport is configured in metadata export in /dashboard/notifications. Please move it to 
viewport export instead.
Read more: https://nextjs.org/docs/app/api-reference/functions/generate-viewport
ΓÜá Unsupported metadata themeColor is configured in metadata export in /dashboard/machines. Please move it to 
viewport export instead.
Read more: https://nextjs.org/docs/app/api-reference/functions/generate-viewport
ΓÜá Unsupported metadata viewport is configured in metadata export in /dashboard/machines. Please move it to viewport 
export instead.
Read more: https://nextjs.org/docs/app/api-reference/functions/generate-viewport
ΓÜá Unsupported metadata themeColor is configured in metadata export in /dashboard/payments. Please move it to 
viewport export instead.
Read more: https://nextjs.org/docs/app/api-reference/functions/generate-viewport
ΓÜá Unsupported metadata viewport is configured in metadata export in /dashboard/payments. Please move it to viewport 
export instead.
Read more: https://nextjs.org/docs/app/api-reference/functions/generate-viewport
ΓÜá Unsupported metadata themeColor is configured in metadata export in /dashboard/orders. Please move it to viewport 
export instead.
Read more: https://nextjs.org/docs/app/api-reference/functions/generate-viewport
ΓÜá Unsupported metadata viewport is configured in metadata export in /dashboard/orders. Please move it to viewport 
export instead.
Read more: https://nextjs.org/docs/app/api-reference/functions/generate-viewport
ΓÜá Unsupported metadata themeColor is configured in metadata export in /dashboard. Please move it to viewport export 
instead.
Read more: https://nextjs.org/docs/app/api-reference/functions/generate-viewport
ΓÜá Unsupported metadata viewport is configured in metadata export in /dashboard. Please move it to viewport export 
instead.
Read more: https://nextjs.org/docs/app/api-reference/functions/generate-viewport
ΓÜá Unsupported metadata themeColor is configured in metadata export in /dashboard/assistant. Please move it to 
viewport export instead.
Read more: https://nextjs.org/docs/app/api-reference/functions/generate-viewport
ΓÜá Unsupported metadata viewport is configured in metadata export in /dashboard/assistant. Please move it to viewport 
export instead.
Read more: https://nextjs.org/docs/app/api-reference/functions/generate-viewport
ΓÜá Unsupported metadata themeColor is configured in metadata export in /dashboard/audit. Please move it to viewport 
export instead.
Read more: https://nextjs.org/docs/app/api-reference/functions/generate-viewport
ΓÜá Unsupported metadata viewport is configured in metadata export in /dashboard/audit. Please move it to viewport 
export instead.
Read more: https://nextjs.org/docs/app/api-reference/functions/generate-viewport
  Generating static pages using 7 workers (73/98) 
ΓÜá Unsupported metadata themeColor is configured in metadata export in /dashboard/billing. Please move it to viewport 
export instead.
Read more: https://nextjs.org/docs/app/api-reference/functions/generate-viewport
ΓÜá Unsupported metadata viewport is configured in metadata export in /dashboard/billing. Please move it to viewport 
export instead.
Read more: https://nextjs.org/docs/app/api-reference/functions/generate-viewport
ΓÜá Unsupported metadata themeColor is configured in metadata export in /dashboard/production/create. Please move it 
to viewport export instead.
Read more: https://nextjs.org/docs/app/api-reference/functions/generate-viewport
ΓÜá Unsupported metadata viewport is configured in metadata export in /dashboard/production/create. Please move it to 
viewport export instead.
Read more: https://nextjs.org/docs/app/api-reference/functions/generate-viewport
ΓÜá Unsupported metadata themeColor is configured in metadata export in /dashboard/profile. Please move it to viewport 
export instead.
Read more: https://nextjs.org/docs/app/api-reference/functions/generate-viewport
ΓÜá Unsupported metadata viewport is configured in metadata export in /dashboard/profile. Please move it to viewport 
export instead.
Read more: https://nextjs.org/docs/app/api-reference/functions/generate-viewport
ΓÜá Unsupported metadata themeColor is configured in metadata export in /dashboard/production. Please move it to 
viewport export instead.
Read more: https://nextjs.org/docs/app/api-reference/functions/generate-viewport
ΓÜá Unsupported metadata viewport is configured in metadata export in /dashboard/production. Please move it to 
viewport export instead.
Read more: https://nextjs.org/docs/app/api-reference/functions/generate-viewport
ΓÜá Unsupported metadata themeColor is configured in metadata export in /dashboard/purchasing. Please move it to 
viewport export instead.
Read more: https://nextjs.org/docs/app/api-reference/functions/generate-viewport
ΓÜá Unsupported metadata viewport is configured in metadata export in /dashboard/purchasing. Please move it to 
viewport export instead.
Read more: https://nextjs.org/docs/app/api-reference/functions/generate-viewport
ΓÜá Unsupported metadata themeColor is configured in metadata export in /dashboard/settings. Please move it to 
viewport export instead.
Read more: https://nextjs.org/docs/app/api-reference/functions/generate-viewport
ΓÜá Unsupported metadata viewport is configured in metadata export in /dashboard/settings. Please move it to viewport 
export instead.
Read more: https://nextjs.org/docs/app/api-reference/functions/generate-viewport
ΓÜá Unsupported metadata themeColor is configured in metadata export in /dashboard/upgrade. Please move it to viewport 
export instead.
Read more: https://nextjs.org/docs/app/api-reference/functions/generate-viewport
ΓÜá Unsupported metadata viewport is configured in metadata export in /dashboard/upgrade. Please move it to viewport 
export instead.
Read more: https://nextjs.org/docs/app/api-reference/functions/generate-viewport
ΓÜá Unsupported metadata themeColor is configured in metadata export in /dashboard/users. Please move it to viewport 
export instead.
Read more: https://nextjs.org/docs/app/api-reference/functions/generate-viewport
ΓÜá Unsupported metadata viewport is configured in metadata export in /dashboard/users. Please move it to viewport 
export instead.
Read more: https://nextjs.org/docs/app/api-reference/functions/generate-viewport
ΓÜá Unsupported metadata themeColor is configured in metadata export in /forgot-password. Please move it to viewport 
export instead.
Read more: https://nextjs.org/docs/app/api-reference/functions/generate-viewport
ΓÜá Unsupported metadata viewport is configured in metadata export in /forgot-password. Please move it to viewport 
export instead.
Read more: https://nextjs.org/docs/app/api-reference/functions/generate-viewport
ΓÜá Unsupported metadata themeColor is configured in metadata export in /login. Please move it to viewport export 
instead.
Read more: https://nextjs.org/docs/app/api-reference/functions/generate-viewport
ΓÜá Unsupported metadata viewport is configured in metadata export in /login. Please move it to viewport export 
instead.
Read more: https://nextjs.org/docs/app/api-reference/functions/generate-viewport
ΓÜá Unsupported metadata themeColor is configured in metadata export in /staff/login. Please move it to viewport 
export instead.
Read more: https://nextjs.org/docs/app/api-reference/functions/generate-viewport
ΓÜá Unsupported metadata viewport is configured in metadata export in /staff/login. Please move it to viewport export 
instead.
Read more: https://nextjs.org/docs/app/api-reference/functions/generate-viewport
ΓÜá Unsupported metadata themeColor is configured in metadata export in /offline. Please move it to viewport export 
instead.
Read more: https://nextjs.org/docs/app/api-reference/functions/generate-viewport
ΓÜá Unsupported metadata viewport is configured in metadata export in /offline. Please move it to viewport export 
instead.
Read more: https://nextjs.org/docs/app/api-reference/functions/generate-viewport
ΓÜá Unsupported metadata themeColor is configured in metadata export in /. Please move it to viewport export instead.
Read more: https://nextjs.org/docs/app/api-reference/functions/generate-viewport
ΓÜá Unsupported metadata viewport is configured in metadata export in /. Please move it to viewport export instead.
Read more: https://nextjs.org/docs/app/api-reference/functions/generate-viewport
ΓÜá Unsupported metadata themeColor is configured in metadata export in /onboarding. Please move it to viewport export 
instead.
Read more: https://nextjs.org/docs/app/api-reference/functions/generate-viewport
ΓÜá Unsupported metadata viewport is configured in metadata export in /onboarding. Please move it to viewport export 
instead.
Read more: https://nextjs.org/docs/app/api-reference/functions/generate-viewport
ΓÜá Unsupported metadata themeColor is configured in metadata export in /staff/setup. Please move it to viewport 
export instead.
Read more: https://nextjs.org/docs/app/api-reference/functions/generate-viewport
ΓÜá Unsupported metadata viewport is configured in metadata export in /staff/setup. Please move it to viewport export 
instead.
Read more: https://nextjs.org/docs/app/api-reference/functions/generate-viewport
Γ£ô Generating static pages using 7 workers (98/98) in 2.2s
  Finalizing page optimization ...

Route (app)
Γöî Γùï /
Γö£ Γùï /_not-found
Γö£ Γùï /access-denied
Γö£ Γùï /admin/login
Γö£ ╞Æ /api/assistant/chat
Γö£ ╞Æ /api/audit
Γö£ ╞Æ /api/auth/[...nextauth]
Γö£ ╞Æ /api/auth/change-password
Γö£ ╞Æ /api/auth/cleanup
Γö£ ╞Æ /api/auth/complete-setup
Γö£ ╞Æ /api/auth/csrf
Γö£ ╞Æ /api/auth/forgot-password
Γö£ ╞Æ /api/auth/linked-accounts
Γö£ ╞Æ /api/auth/login
Γö£ ╞Æ /api/auth/logout
Γö£ ╞Æ /api/auth/me
Γö£ ╞Æ /api/auth/refresh
Γö£ ╞Æ /api/auth/register
Γö£ ╞Æ /api/auth/reset-password
Γö£ ╞Æ /api/auth/send-otp
Γö£ ╞Æ /api/auth/sessions
Γö£ ╞Æ /api/auth/switch-account
Γö£ ╞Æ /api/auth/verify-otp
Γö£ ╞Æ /api/billing
Γö£ ╞Æ /api/billing/[id]
Γö£ ╞Æ /api/client-materials/[id]
Γö£ ╞Æ /api/clients
Γö£ ╞Æ /api/clients/[id]
Γö£ ╞Æ /api/clients/[id]/materials
Γö£ ╞Æ /api/dashboard/activity
Γö£ ╞Æ /api/dashboard/analytics
Γö£ ╞Æ /api/dashboard/live-stats
Γö£ ╞Æ /api/dashboard/low-stock
Γö£ ╞Æ /api/dashboard/recent-orders
Γö£ ╞Æ /api/dashboard/revenue-chart
Γö£ ╞Æ /api/dashboard/stats
Γö£ ╞Æ /api/dashboard/weekly-orders
Γö£ ╞Æ /api/dashboard/widgets
Γö£ ╞Æ /api/employees
Γö£ ╞Æ /api/employees/[id]
Γö£ ╞Æ /api/employees/activity
Γö£ ╞Æ /api/expenses
Γö£ ╞Æ /api/expenses/[id]
Γö£ ╞Æ /api/features
Γö£ ╞Æ /api/inventory
Γö£ ╞Æ /api/inventory/[id]
Γö£ ╞Æ /api/invoice/generate-pdf
Γö£ ╞Æ /api/invoice/preview
Γö£ ╞Æ /api/machines
Γö£ ╞Æ /api/machines/[id]
Γö£ ╞Æ /api/machines/downtime
Γö£ ╞Æ /api/machines/utilisation
Γö£ ╞Æ /api/notes
Γö£ ╞Æ /api/notes/[id]
Γö£ ╞Æ /api/orders
Γö£ ╞Æ /api/orders/[id]
Γö£ ╞Æ /api/orders/[id]/client-materials
Γö£ ╞Æ /api/orders/[id]/payment-status
Γö£ ╞Æ /api/payments
Γö£ ╞Æ /api/payments/[id]
Γö£ ╞Æ /api/production
Γö£ ╞Æ /api/production/[id]
Γö£ ╞Æ /api/production/activity-feed
Γö£ ╞Æ /api/production/delay-prediction
Γö£ ╞Æ /api/production/progress/update
Γö£ ╞Æ /api/profile
Γö£ ╞Æ /api/profile/company
Γö£ ╞Æ /api/profile/password
Γö£ ╞Æ /api/purchasing
Γö£ ╞Æ /api/purchasing/[id]
Γö£ ╞Æ /api/purchasing/vendors
Γö£ ╞Æ /api/purchasing/vendors/[id]
Γö£ ╞Æ /api/sample-data
Γö£ ╞Æ /api/staff/accounts
Γö£ ╞Æ /api/staff/work-panel
Γö£ ╞Æ /api/stripe/cancel-subscription
Γö£ ╞Æ /api/stripe/create-subscription
Γö£ ╞Æ /api/stripe/setup
Γö£ ╞Æ /api/stripe/subscription
Γö£ ╞Æ /api/users
Γö£ ╞Æ /api/users/[id]
Γö£ ╞Æ /api/v1/ai-reports
Γö£ ╞Æ /api/v1/billing
Γö£ ╞Æ /api/v1/billing/[id]
Γö£ ╞Æ /api/v1/clients
Γö£ ╞Æ /api/v1/clients/[id]
Γö£ ╞Æ /api/v1/clients/[id]/products
Γö£ ╞Æ /api/v1/clients/[id]/products/[productId]/materials
Γö£ ╞Æ /api/v1/clients/materials/[id]
Γö£ ╞Æ /api/v1/clients/products/[id]
Γö£ ╞Æ /api/v1/company/setup
Γö£ ╞Æ /api/v1/employees
Γö£ ╞Æ /api/v1/employees/[id]
Γö£ ╞Æ /api/v1/health
Γö£ ╞Æ /api/v1/inventory
Γö£ ╞Æ /api/v1/inventory/[id]
Γö£ ╞Æ /api/v1/inventory/forecast
Γö£ ╞Æ /api/v1/machines
Γö£ ╞Æ /api/v1/machines/[id]
Γö£ ╞Æ /api/v1/metrics
Γö£ ╞Æ /api/v1/notifications/logs
Γö£ ╞Æ /api/v1/notifications/templates
Γö£ ╞Æ /api/v1/orders
Γö£ ╞Æ /api/v1/orders/[id]
Γö£ ╞Æ /api/v1/orders/[id]/status
Γö£ ╞Æ /api/v1/orders/profit-margins
Γö£ ╞Æ /api/v1/payments
Γö£ ╞Æ /api/v1/payments/[id]
Γö£ ╞Æ /api/v1/payments/record
Γö£ ╞Æ /api/v1/production
Γö£ ╞Æ /api/v1/production/[id]
Γö£ ╞Æ /api/v1/readiness
Γö£ Γùï /dashboard
Γö£ Γùï /dashboard/analytics
Γö£ Γùï /dashboard/assistant
Γö£ Γùï /dashboard/audit
Γö£ Γùï /dashboard/billing
Γö£ Γùï /dashboard/clients
Γö£ Γùï /dashboard/folio
Γö£ Γùï /dashboard/inventory
Γö£ Γùï /dashboard/machines
Γö£ Γùï /dashboard/notifications
Γö£ Γùï /dashboard/orders
Γö£ Γùï /dashboard/payments
Γö£ Γùï /dashboard/production
Γö£ ╞Æ /dashboard/production/[id]
Γö£ Γùï /dashboard/production/create
Γö£ Γùï /dashboard/profile
Γö£ Γùï /dashboard/purchasing
Γö£ Γùï /dashboard/settings
Γö£ Γùï /dashboard/upgrade
Γö£ Γùï /dashboard/users
Γö£ ╞Æ /dashboard/users/[id]
Γö£ Γùï /forgot-password
Γö£ Γùï /login
Γö£ Γùï /offline
Γö£ Γùï /onboarding
Γö£ Γùï /staff/login
Γöö Γùï /staff/setup


╞Æ Proxy (Middleware)

Γùï  (Static)   prerendered as static content
╞Æ  (Dynamic)  server-rendered on demand

