ERROR: old block not found
279: "\r"
280: "  const handleAddProduct = async (e: React.FormEvent) => {\r"
281: "    e.preventDefault();\r"
282: "    if (!selectedClient) return;\r"
283: "    try {\r"
284: "      const res = await fetch(`/api/v1/clients/${selectedClient.id}/products`, {\r"
285: "        method: \"POST\",\r"
286: "        headers: { \"Content-Type\": \"application/json\" },\r"
287: "        body: JSON.stringify({ name: productForm.name, defaultRate: Number(productForm.defaultRate) }),\r"
288: "      });\r"
289: "      const data = await res.json();\r"
290: "      if (data.error) toast.error(\"Failed to add product\");\r"
291: "      else {\r"
292: "        toast.success(\"Product added\");\r"
293: "        setProductForm({ name: \"\", defaultRate: \"\" });\r"
294: "        fetchClientDetails(selectedClient);\r"
295: "      }\r"
296: "    } catch (error) {\r"
297: "      toast.error(\"Failed to add product\");\r"
298: "    }\r"
299: "  };\r"
300: "\r"
301: "  const handleDeleteProduct = async (productId: string) => {\r"
302: "    if (!selectedClient) return;\r"
303: "    try {\r"
304: "      const res = await fetch(`/api/v1/clients/products/${productId}`, {\r"
305: "        method: \"DELETE\",\r"
306: "      });\r"
307: "      const data = await res.json();\r"
308: "      if (data.error) toast.error(\"Failed to delete product\");\r"
309: "      else {\r"
310: "        toast.success(\"Product deleted\");\r"
311: "        fetchClientDetails(selectedClient);\r"
312: "      }\r"
313: "    } catch (error) {\r"
314: "      toast.error(\"Failed to delete product\");\r"
315: "    }\r"
316: "  };\r"
317: "\r"
318: "  const handleAddMaterial = async (e: React.FormEvent, productId: string) => {\r"
319: "    e.preventDefault();\r"
320: "    if (!selectedClient) return;\r"
